exports[`App renders a welcome view 1`] = `<noscript />`;
